<span class="sts-conv plural"><del>干</del><ins>幹</ins><ins>乾</ins><ins>干</ins></span>了 <span class="sts-conv single exact"><del>干涉</del><ins>干涉</ins></span>
<span class="sts-conv single"><del>⿰虫风</del><ins>𧍯</ins></span>需要<span class="sts-conv single"><del>简</del><ins>簡</ins></span><span class="sts-conv single"><del>转</del><ins>轉</ins></span>繁
⿱艹⿰虫风不需要<span class="sts-conv single"><del>简</del><ins>簡</ins></span><span class="sts-conv single"><del>转</del><ins>轉</ins></span>繁
<span class="sts-conv single"><del>沙⿰虫风</del><ins>沙虱</ins></span>也<span class="sts-conv single"><del>简</del><ins>簡</ins></span><span class="sts-conv single"><del>转</del><ins>轉</ins></span>繁