<span tabindex="0" class="sts-conv plural"><del hidden>干</del><ins>幹</ins><ins hidden>乾</ins><ins hidden>干</ins></span>了 <span tabindex="0" class="sts-conv single exact"><del hidden>干涉</del><ins>干涉</ins></span>
<span tabindex="0" class="sts-conv single"><del hidden>⿰虫风</del><ins>𧍯</ins></span>需要<span tabindex="0" class="sts-conv single"><del hidden>简</del><ins>簡</ins></span><span tabindex="0" class="sts-conv single"><del hidden>转</del><ins>轉</ins></span>繁
⿱艹⿰虫风不需要<span tabindex="0" class="sts-conv single"><del hidden>简</del><ins>簡</ins></span><span tabindex="0" class="sts-conv single"><del hidden>转</del><ins>轉</ins></span>繁
<span tabindex="0" class="sts-conv single"><del hidden>沙⿰虫风</del><ins>沙虱</ins></span>也<span tabindex="0" class="sts-conv single"><del hidden>简</del><ins>簡</ins></span><span tabindex="0" class="sts-conv single"><del hidden>转</del><ins>轉</ins></span>繁